---
source: tests/golden_csharp.rs
expression: file_tree(&output_dir)
---
[
    ".env.example",
    ".github/workflows/ci.yml",
    ".github/workflows/docker-build.yml",
    ".github/workflows/release.yml",
    ".gitignore",
    "Auth/AuthErrors.cs",
    "Auth/AuthManager.cs",
    "Auth/IAuthStrategy.cs",
    "Auth/Strategies/OAuth2AuthStrategy.cs",
    "Auth/Strategies/StubAuthStrategy.cs",
    "Cli/Roles.cs",
    "Cli/SetupWizard.cs",
    "Core/ApiClient.cs",
    "Core/AuthStrategies.cs",
    "Core/CircuitBreaker.cs",
    "Core/Config.cs",
    "Core/CredentialStorage.cs",
    "Core/DataStore.cs",
    "Core/EmbeddingService.cs",
    "Core/Errors.cs",
    "Core/HealthChecks.cs",
    "Core/Logging.cs",
    "Core/McpServer.cs",
    "Core/ServiceCollectionExtensions.cs",
    "Core/Tracing.cs",
    "Data/EndpointRecord.cs",
    "Data/SqliteVecStore.cs",
    "Dockerfile",
    "Http/AuthExtractor.cs",
    "Http/AuthGateMiddleware.cs",
    "Http/CorsHeaderMiddleware.cs",
    "Http/HttpServer.cs",
    "Http/LocalhostDetector.cs",
    "Http/Metrics.cs",
    "Out.csproj",
    "Program.cs",
    "README.md",
    "Services/ApiClient.cs",
    "Services/EmbeddingService.cs",
    "Services/PopulateEmbeddingsService.cs",
    "Tests/Auth/OAuth2AuthStrategyTests.cs",
    "Tests/Auth/StubAuthStrategyTests.cs",
    "Tests/Core/ConfigTests.cs",
    "Tests/Data/SqliteVecStoreTests.cs",
    "Tests/Out.Tests.csproj",
    "Tests/Validation/ValidatorTests.cs",
    "Tools/McpTools.cs",
    "Tools/Profiler/Profiler.csproj",
    "Tools/Profiler/Program.cs",
    "Validation/GeneratedSchemas.json",
    "Validation/Validator.cs",
    "docker-compose.yml",
    "mcp_store.db",
    "scripts/coverage.sh",
    "scripts/profile.sh",
    "scripts/speedscope_to_text.py",
]
